GAMS 24.7.4  r58773 Released Sep 19, 2016 LEX-LEG x86 64bit/Linux                                                                                                                                                                      08/22/20 17:26:45 Page 1
G e n e r a l   A l g e b r a i c   M o d e l i n g   S y s t e m
C o m p i l a t i o n




COMPILATION TIME     =        0.027 SECONDS      4 MB  24.7.4 r58773 LEX-LEG
GAMS 24.7.4  r58773 Released Sep 19, 2016 LEX-LEG x86 64bit/Linux                                                                                                                                                                      08/22/20 17:26:45 Page 2
G e n e r a l   A l g e b r a i c   M o d e l i n g   S y s t e m
Model Statistics    SOLVE TRANS Using NLP From line 13692


LOOPS                               lcount   1


MODEL STATISTICS

BLOCKS OF EQUATIONS         292     SINGLE EQUATIONS       61,524
BLOCKS OF VARIABLES          94     SINGLE VARIABLES       75,237  15 projected
NON ZERO ELEMENTS     1,157,795     NON LINEAR N-Z      1,035,637
DERIVATIVE POOL              20     CONSTANT POOL              99
CODE LENGTH           1,578,769


GENERATION TIME      =        0.712 SECONDS     96 MB  24.7.4 r58773 LEX-LEG


EXECUTION TIME       =        0.770 SECONDS     96 MB  24.7.4 r58773 LEX-LEG
               L O O P S             lcount 1

GAMS 24.7.4  r58773 Released Sep 19, 2016 LEX-LEG x86 64bit/Linux                                                                                                                                                                      08/22/20 17:26:45 Page 3
G e n e r a l   A l g e b r a i c   M o d e l i n g   S y s t e m
Solution Report     SOLVE TRANS Using NLP From line 13692


               S O L V E      S U M M A R Y

     MODEL   TRANS               OBJECTIVE  NPV
     TYPE    NLP                 DIRECTION  MAXIMIZE
     SOLVER  BARON               FROM LINE  13692

**** SOLVER STATUS     8 User Interrupt            
**** MODEL STATUS      12 Error Unknown            
**** OBJECTIVE VALUE               NA

 RESOURCE USAGE, LIMIT          3.180      1000.000
 ITERATION COUNT, LIMIT        NA    2000000000
 EVALUATION ERRORS              0             0

GAMS/BARON       24.7.4 r58773 Released Sep 19, 2016 LEG x86 64bit/Linux      

BARON is a product of The Optimization Firm, LLC. http://www.minlp.com/
Parts of the BARON software were created at the
University of Illinois at Urbana-Champaign.

--- Using Option File
*** Error Cannot open parameter file "/home/vyom/P2P-RNFA/P2P-RNFA/baron.opt"
*** Error Error code = 2; No such file or directory
*** no solution found

===========================================================================
 BARON version 16.8.24. Built: LNX-64 Wed Aug 24 08:52:24 EDT 2016

 If you use this software, please cite:
 Tawarmalani, M. and N. V. Sahinidis, A polyhedral
 branch-and-cut approach to global optimization,
 Mathematical Programming, 103(2), 225-249, 2005.

 BARON is a product of The Optimization Firm, LLC. http://www.minlp.com/
 Parts of the BARON software were created at the
 University of Illinois at Urbana-Champaign.
===========================================================================
 This BARON run may utilize the following subsolver(s)
 For LP/MIP: ILOG CPLEX                                      
 For NLP: MINOS, SNOPT, GAMS external NLP, IPOPT, FILTERSD
===========================================================================

No solution returned
GAMS 24.7.4  r58773 Released Sep 19, 2016 LEX-LEG x86 64bit/Linux                                                                                                                                                                      08/22/20 17:26:45 Page 4
G e n e r a l   A l g e b r a i c   M o d e l i n g   S y s t e m
Solution Report     SOLVE TRANS Using NLP From line 13692


**** SOLVER STATUS FILE LISTED BELOW
=0GAMS/BARON       24.7.4 r58773 Released Sep 19, 2016 LEG x86 64bit/Linux      
=C
=CGAMS/BARON       24.7.4 r58773 Released Sep 19, 2016 LEG x86 64bit/Linux      
=C
=CBARON is a product of The Optimization Firm, LLC. http://www.minlp.com/
=CParts of the BARON software were created at the
=CUniversity of Illinois at Urbana-Champaign.
=C
=C--- Using Option File
=C*** Error Cannot open parameter file "/home/vyom/P2P-RNFA/P2P-RNFA/baron.opt"
=C*** Error Error code = 2; No such file or directory
 /home/vyom/P2P-RNFA/P2P-RNFA/225a/sum.dat    = problem    61523 75236 0 592978 -.100000000000E+52 0.100000000000E+52 6 5 -1 -3 -3 0 3.18 0.33   
 skip       = 61523
 skip       = 75236
 skip       = 0
 skip       = 592978
 zlbest     = 1E51
 zub        = -1E51
 barstatus  = 6
 modelstatus= 5
 missingbnd = -1
 itera      = -3
 nodeopt    = -3
 nodememmax = 0
 totaltime  = 3.18
=9_
_2
===========================================================================
 BARON version 16.8.24. Built: LNX-64 Wed Aug 24 08:52:24 EDT 2016

 If you use this software, please cite:
 Tawarmalani, M. and N. V. Sahinidis, A polyhedral
 branch-and-cut approach to global optimization,
 Mathematical Programming, 103(2), 225-249, 2005.

 BARON is a product of The Optimization Firm, LLC. http://www.minlp.com/
 Parts of the BARON software were created at the
 University of Illinois at Urbana-Champaign.
_2
===========================================================================
 This BARON run may utilize the following subsolver(s)
 For LP/MIP: ILOG CPLEX                                      
 For NLP: MINOS, SNOPT, GAMS external NLP, IPOPT, FILTERSD
_2
===========================================================================
    The options used in solving the problem are as follows:
       maxtime        =  0.1000E+04
       maxiter        =      -1
       numsol         =       1
       firstfeas      =       0
       cutoff         =  0.1000E+52
       epsa           =  0.1000E+00
GAMS 24.7.4  r58773 Released Sep 19, 2016 LEX-LEG x86 64bit/Linux                                                                                                                                                                      08/22/20 17:26:45 Page 5
G e n e r a l   A l g e b r a i c   M o d e l i n g   S y s t e m
Solution Report     SOLVE TRANS Using NLP From line 13692


       epsr           =  0.1000E+00
       deltaterm      =       0
       deltaa         =  0.1000E+52
       deltar         =  0.1000E+01
       deltat         = -0.1000E+03
       boxtol         =  0.1000E-07
       isoltol        =  0.1000E-03
       absconfeastol  =  0.1000E-04
       relconfeastol  =  0.0000E+00
       absintfeastol  =  0.1000E-04
       relintfeastol  =  0.0000E+00
       results        =       1
       summary        =       1
       times          =       1
       prtimefreq     =  0.3000E+02
       prfreq         = 1000000
       prlevel        =       1
       numprint       =      -1
       numprintdual   =      -1
       bpint          =  0.5000E+01
       fraint         =  0.7000E+00
       minint         =  0.1000E-01
       lpsol          =       3
       nlpsol         =      -1
       allowminos     =       1
       allowsnopt     =       1
       allowexternal  =       1
       allowipopt     =       1
       allowfiltersd  =       1
       allowfiltersqp =       0
       baronx         =       F
       dolocal        =       1
       numloc         =      -2
       locres         =       0
       pdo            =      -2
       brvarstra      =       0
       brptstra       =       0
       nodesel        =       0
       compiis        =       0
       iisint         =       1
       iisorder       =      -1
       threads        =       1
_2
===========================================================================
 Doing local search
_9=
=C*** no solution found
=C
=C===========================================================================
=C BARON version 16.8.24. Built: LNX-64 Wed Aug 24 08:52:24 EDT 2016
=C
=C If you use this software, please cite:
=C Tawarmalani, M. and N. V. Sahinidis, A polyhedral
GAMS 24.7.4  r58773 Released Sep 19, 2016 LEX-LEG x86 64bit/Linux                                                                                                                                                                      08/22/20 17:26:45 Page 6
G e n e r a l   A l g e b r a i c   M o d e l i n g   S y s t e m
Solution Report     SOLVE TRANS Using NLP From line 13692


=C branch-and-cut approach to global optimization,
=C Mathematical Programming, 103(2), 225-249, 2005.
=C
=C BARON is a product of The Optimization Firm, LLC. http://www.minlp.com/
=C Parts of the BARON software were created at the
=C University of Illinois at Urbana-Champaign.
=C===========================================================================
=C This BARON run may utilize the following subsolver(s)
=C For LP/MIP: ILOG CPLEX                                      
=C For NLP: MINOS, SNOPT, GAMS external NLP, IPOPT, FILTERSD
=C===========================================================================

**** SOLVER STATUS FILE LISTED ABOVE
GAMS 24.7.4  r58773 Released Sep 19, 2016 LEX-LEG x86 64bit/Linux                                                                                                                                                                      08/22/20 17:26:45 Page 7
G e n e r a l   A l g e b r a i c   M o d e l i n g   S y s t e m
E x e c u t i o n


----  13695 VARIABLE energy_objective.L    =        0.000  the energy objective from the plant

----  13696 VARIABLE ddgs.L                =        0.000  

----  13697 VARIABLE Z2.L                  =        0.000  

----  13698 VARIABLE ans1.L                =        0.000  

----  13699 VARIABLE ans.L                 =        0.000  

----  13700 VARIABLE ru1.L                 =        0.100  

----  13701 VARIABLE ru2.L                 =        0.100  
GAMS 24.7.4  r58773 Released Sep 19, 2016 LEX-LEG x86 64bit/Linux                                                                                                                                                                      08/22/20 17:26:45 Page 8
G e n e r a l   A l g e b r a i c   M o d e l i n g   S y s t e m
Model Analysis      SOLVE TRANS Using NLP From line 13692


**** Exec Error at line 13041: Execution halted: Triggered by pending CtrlC event
GAMS 24.7.4  r58773 Released Sep 19, 2016 LEX-LEG x86 64bit/Linux                                                                                                                                                                      08/22/20 17:26:45 Page 9
G e n e r a l   A l g e b r a i c   M o d e l i n g   S y s t e m
Model Statistics    SOLVE TRANS Using NLP From line 13692


LOOPS                               lcount   2


MODEL STATISTICS

BLOCKS OF EQUATIONS         174     SINGLE EQUATIONS       15,969
BLOCKS OF VARIABLES          65     SINGLE VARIABLES       18,494
NON ZERO ELEMENTS       232,191     NON LINEAR N-Z              0
DERIVATIVE POOL              20     CONSTANT POOL              65
CODE LENGTH             334,098


GENERATION TIME      =        0.092 SECONDS     28 MB  24.7.4 r58773 LEX-LEG

**** SOLVE from line 13692 ABORTED, EXECERROR = 1

**** REPORT FILE SUMMARY

fx /home/vyom/P2P-RNFA/P2P-RNFA/results.txt
gx /home/vyom/P2P-RNFA/P2P-RNFA/variables.txt


EXECUTION TIME       =        0.132 SECONDS     28 MB  24.7.4 r58773 LEX-LEG


USER: Bhavik Bakshi, Single User License             G160607:0939AO-LNX
      The Ohio State University, Chemical and Biomolecular EnginDC12543
      License for teaching and research at degree granting institutions


**** FILE SUMMARY

Input      /home/vyom/P2P-RNFA/P2P-RNFA/cornp2p.gms
Output     /home/vyom/P2P-RNFA/P2P-RNFA/cornp2p.lst

**** USER ERROR(S) ENCOUNTERED
