GAMS 24.7.4  r58773 Released Sep 19, 2016 LEX-LEG x86 64bit/Linux                                                                                                                                                                      07/28/21 19:03:09 Page 1
G e n e r a l   A l g e b r a i c   M o d e l i n g   S y s t e m
C o m p i l a t i o n


      Preparing the RNFA-P2P for 3-MTHF Example
      Author: Vyom
      Date: 02/02/2020
   6   
   7  *
   8  *Sets
   9  *i rows                    /1*417/
  10  *j columns                 /1*425/
  11  *k rowsOfB                 /1*24/
  12  *econ_r(i) commodities I     /1*385/
  13  *econ_rJ(j) commodities I     /1*385/
  14  *vc_r(i) elements K          /386*394/
  15  *rnfa_r(i) chemicals M       /395*417/
  16  *econ_c(j) sectors J         /1*385/
  17  *vc_c(j) processes L        /386*397/
  18  *rnfa_c(j) reactions N        /398*425/
  19  *econ_int(k) interventions  /1*21/
  20  *vc_int(k) vc interventions /22*24/;
  21   
  22  Sets
  23  i rows                    /1*5/
  24  j columns                 /1*6/
  25  k rowsOfB                 /1*2/
  26  econ_r(i) commodities I     /1*2/
  27  econ_rJ(j) commodities I     /1*2/
  28  vc_r(i) elements K          /3*4/
  29  rnfa_r(i) chemicals M       /5/
  30  econ_c(j) sectors J         /1*2/
  31  vc_c(j) processes L        /3*4/
  32  rnfa_c(j) reactions N        /5*6/
  33  econ_int(k) interventions  /1/
  34  vc_int(k) vc interventions /2/;
  35   
  36  parameters
  37  vcV(j,i)
  38  vcU(i,j)
  39  vcB(k,j)
  40  econV(j,j)
  41  econU(i,j)
  42  econR(k,j)
  43  econB(k,j)
  44  rnfaV(j,i)
  45  rnfaU(i,j)
  46  dcUvc(i,j)
  47  dcUrnfa(i,j)
  48  dcVCrnfa(i,j)
  49  ucUvc(i,j)
  50  ucUrnfa(i,j)
  51  ucVCrnfa(i,j)
  52  p(j)
  53  phat(j,j)
  54  Pf(j,i)
  55  PfU(i,i)
GAMS 24.7.4  r58773 Released Sep 19, 2016 LEX-LEG x86 64bit/Linux                                                                                                                                                                      07/28/21 19:03:09 Page 2
G e n e r a l   A l g e b r a i c   M o d e l i n g   S y s t e m
C o m p i l a t i o n


  56  Pp(j,j)
  57  Pb(k,k);
  58   
  59  vcV(j,i)=0;
  60  vcU(i,j)=0;
  61  vcB(k,j)=0;
  62  econV(j,j)=0;
  63  econU(i,j)=0;
  64  econR(k,j)=0;
  65  econB(k,j)=0;
  66  rnfaV(j,i)=0;
  67  rnfaU(i,j)=0;
  68  dcUvc(i,j)=0;
  69  dcUrnfa(i,j)=0;
  70  dcVCrnfa(i,j)=0;
  71  ucUvc(i,j)=0;
  72  ucUrnfa(i,j)=0;
  73  ucVCrnfa(i,j)=0;
  74  p(j)=0;
  75  phat(j,j)=0;
  76  Pf(j,i)=0;
  77  PfU(i,i)=0;
  78  Pp(j,j)=0;
  79  Pb(k,k)=0;
  80  *vcV(vc_c,vc_r)
  81  *vcU(vc_r,vc_c)
  82  *vcB(k,vc_c)
  83  *econV(econ_c,econ_r)
  84  *econU(econ_r,econ_c)
  85  *econB(k,econ_rJ)
  86  *rnfaV(rnfa_c,rnfa_r)
  87  *rnfaU(rnfa_r,rnfa_c)
  88  *dcUvc(vc_r,econ_c)
  89  *dcUrnfa(rnfa_r,econ_c)
  90  *dcVCrnfa(rnfa_r,vc_c)
  91  *ucUvc(econ_r,vc_c)
  92  *ucUrnfa(econ_r,rnfa_c)
  93  *ucVCrnfa(vc_r,rnfa_c)
  94  *p(vc_c)
  95  *phat(vc_c,vc_c)
  96  *Pf(econ_rJ,vc_r)
  97  *PfU(econ_r,vc_r)
  98  *Pp(vc_c,econ_c);
  99   
 174   
 175   
 176   
 177   
 178   
 179  positive variable m(j);
 180  variable f(i);
 181  variable g(k);
 182   
GAMS 24.7.4  r58773 Released Sep 19, 2016 LEX-LEG x86 64bit/Linux                                                                                                                                                                      07/28/21 19:03:09 Page 3
G e n e r a l   A l g e b r a i c   M o d e l i n g   S y s t e m
C o m p i l a t i o n


 183   
 184   
 185  variables
 186  vcVstar(j,i)
 187  vcUstar(i,j)
 188  econVstar(j,j)
 189  econUstar(i,j)
 190  econBstar(k,j);
 191   
 192  parameters
 193  PfT(i,j)
 194  PpT(j,j);
 195   
 196  PfT(vc_r,econ_rJ)=Pf(econ_rJ,vc_r);
 197  PpT(econ_c,vc_c)=Pp(vc_c,econ_c);
 198  phat(vc_c,vc_c)=p(vc_c);
 199  *rnfaV(rnfa_c,'417')=0;
 200   
 201  alias(i,id1,id2);
 202  alias(j,jd1,jd2,jd3);
 203  alias(k,kd1,kd2);
 204   
 205  *binary variable y(j);
 206   
 207  *equation activeProcess(vc_c);
 208  *activeProcess(vc_c).. (1-y(vc_c))*m(vc_c)=e=0;
 209  *activeProcess(vc_c).. y(vc_c)$(m(vc_c)>0)=e=1;
 210   
 211   
 212  equations disagg1(econ_c,econ_rJ),disagg2(econ_r,econ_c),disagg3(econ_rJ,econ_c),disagg4(econ_int,econ_c);
 213   
 214   
 215  disagg1(econ_c,econ_rJ).. econVstar(econ_c,econ_rJ)=e=econV(econ_c,econ_rJ)-sum(jd1$vc_c(jd1),PpT(econ_c,jd1)*m(jd1)*sum(jd2$vc_c(jd2),phat(jd1,jd2)*sum(id1$vc_r(id1),vcV(jd2,id1)*PfT(id1,econ_rJ))));
 216   
 217  set notRJ(j);
 218  notRJ(j)=vc_c(j)+rnfa_c(j);
 219   
 220   
 221  disagg2(econ_r,econ_c).. econUstar(econ_r,econ_c)=e=econU(econ_r,econ_c)-(sum(id1$vc_r(id1),PfU(econ_r,id1)*sum(jd1$vc_c(jd1),vcU(id1,jd1)*sum(jd2$vc_c(jd2),phat(jd1,jd2)*Pp(jd2,econ_c)*m(jd2)))))+sum(id2$vc_r(id2),PfU(econ_r,id2)*dcUvc(id2,econ_c)*
      m(econ_c))+sum(jd3$vc_c(jd3),ucUvc(econ_r,jd3)*Pp(jd3,econ_c)*m(jd3));
 222   
 223  econUstar.fx(econ_r,notRJ)=0;
 224  econUstar.fx(vc_r,j)=0;
 225  econUstar.fx(rnfa_r,j)=0;
 226   
 227  variable econVTstar(econ_rJ,econ_c);
 228  disagg3(econ_rJ,econ_c).. econVTstar(econ_rJ,econ_c)=e=econVstar(econ_c,econ_rJ);
 229   
 230  equation vtone(econ_c);
 231  variable econVTstarOne(econ_c);
 232  vtone(econ_c).. econVTstarOne(econ_c)=e=sum(econ_rJ,econVTstar(econ_rJ,econ_c));
 233   
 234  disagg4(econ_int,econ_c).. econBstar(econ_int,econ_c)*econVTstarOne(econ_c)=e=(econR(econ_int,econ_c)-sum(kd1$vc_int(kd1),Pb(econ_int,kd1)*sum(jd1$vc_c(jd1),vcB(kd1,jd1)*m(jd1)*Pp(jd1,econ_c))));
GAMS 24.7.4  r58773 Released Sep 19, 2016 LEX-LEG x86 64bit/Linux                                                                                                                                                                      07/28/21 19:03:09 Page 4
G e n e r a l   A l g e b r a i c   M o d e l i n g   S y s t e m
C o m p i l a t i o n


 235   
 236   
 237  *disagg4(econ_int,econ_c).. econBstar(econ_int,econ_c)=e=econB(econ_int,econ_c);
 238   
 239  *variable econVTstarInv(econ_c,econ_rJ);
 240  *execute_unload 'econVstar.gdx', i,j,econVstar;
 241  *execute '=invert.exe econVstar.gdx i j econVstar econVstarInv.gdx econVstarInv';
 242  *execute_load 'econVstarInv.gdx', econVstarInv;
 243   
 244  *$offlisting
 245  *$include inverseMat.gms
 246  *$onlisting
 247   
 248  *Alias (econ_rJ,ip), (econ_c,jp);
 249   
 250   
 251  **Parameter
 252  *   bp(econ_rJ,econ_c)   'permuted and transposed inverse of a'
 253  *   pair(econ_rJ,econ_c) 'pivoting sequence and permutation'
 254  *   rank      'rank of matrix a'
 255  *   piv
 256  *   big
 257  *   tol;
 258  *
 259  *Set
 260  *   r(econ_rJ)   'pivot row candidates'
 261  *   npr(econ_rJ) 'non pivot rows'
 262  *   s(econ_c)   'pivot column candidates'
 263  *   nps(econ_c) 'non pivot columns';
 264  *
 265  *r(econ_rJ)    = yes;
 266  *s(econ_c)    = yes;
 267  *bp(econ_rJ,econ_c) = econVTstar(econ_rJ,econ_c);
 268  *rank    = 0;
 269  *tol     = 1e-5;
 270  *
 271  *loop(econ_c,
 272  *   big = smax((r,s), abs(bp(r,s)));
 273  *   big$(big < tol) = 0;
 274  *   npr(econ_rJ)   = yes;
 275  *   nps(jp)  = yes;
 276  *   loop((r,s)$(big and big = abs(bp(r,s))),
 277  *      rank = rank + 1;
 278  *      pair(r,s) = rank;
 279  *      piv    = 1/bp(r,s);
 280  *      big    = 0;
 281  *      npr(r) = no;
 282  *      nps(s) = no;
 283  *
 284  *      bp(  r,nps)  =  bp(r,nps)*piv;
 285  *      bp(npr,nps)  =  bp(npr,nps) - bp(r,nps)*bp(npr,s);
 286  *      bp(npr,  s)  = -bp(npr,s)*piv;
 287  *      bp(  r,  s)  =  piv;
GAMS 24.7.4  r58773 Released Sep 19, 2016 LEX-LEG x86 64bit/Linux                                                                                                                                                                      07/28/21 19:03:09 Page 5
G e n e r a l   A l g e b r a i c   M o d e l i n g   S y s t e m
C o m p i l a t i o n


 288  *   );
 289  *   r(r) = npr(r);
 290  *   s(s) = nps(s);
 291  *);
 292   
 293  *econVTstarInv(econ_c,econ_rJ) = sum((ip,jp)$(pair(econ_rJ,jp) and pair(ip,econ_c)), bp(ip,jp));
 294   
 295  *econVTstarInv(econ_c,econ_r)=round(econVTstarInv(econ_c,econ_r),4);
 296   
 297   
 298  equations econEq1(econ_r,econ_c),econEq2(econ_r,econ_rJ);
 299   
 300  Alias(econ_c,econ_c_d1);
 301  Alias(econ_rJ,econ_rJ_d1);
 302  variable Astar(econ_r,econ_rJ);
 303  econEq1(econ_r,econ_c).. sum(econ_rJ_d1,Astar(econ_r,econ_rJ_d1)*econVTstar(econ_rJ_d1,econ_c))=e=econUstar(econ_r,econ_c);
 304   
 305  Alias(econ_r,econ_r_d1);
 306  Alias(econ_rJ,econ_rJ_d1);
 307  parameter ident(econ_r,econ_rJ);
 308  ident(econ_r,econ_rj)$(ord(econ_r)=ord(econ_rJ))=1;
 309   
 310  variable L(i,j);
 311  econEq2(econ_r,econ_rJ).. L(econ_r,econ_rJ)=e=ident(econ_r,econ_rJ)-Astar(econ_r,econ_rJ);
 312   
 313  L.fx(econ_r,notRJ)=0;
 314  L.fx(vc_r,j)=0;
 315  L.fx(rnfa_r,j)=0;
 316   
 317   
 318  parameter vcVT(i,j);
 319  vcVT(i,j)=vcV(j,i);
 320  variable VCstar(i,j);
 321  set notVC(j),notRNFA(j);
 322  notVC(j)=econ_c(j)+rnfa_c(j);
 323  notRNFA(j)=econ_c(j)+vc_c(j);
 324  equation vcEq1(vc_r,vc_c);
 325  vcEq1(vc_r,vc_c).. VCstar(vc_r,vc_c)=e=vcVT(vc_r,vc_c)-vcU(vc_r,vc_c);
 326  VCstar.fx(vc_r,notVC)=0;
 327  VCstar.fx(econ_r,j)=0;
 328  VCstar.fx(rnfa_r,j)=0;
 329   
 330  parameter rnfaVT(i,j);
 331  rnfaVT(i,j)=rnfaV(j,i);
 332  variable RNFA(i,j);
 333  equation rnfaEq1(rnfa_r,rnfa_c);
 334  rnfaEq1(rnfa_r,rnfa_c).. RNFA(rnfa_r,rnfa_c)=e=rnfaVT(rnfa_r,rnfa_c)-rnfaU(rnfa_r,rnfa_c);
 335  RNFA.fx(rnfa_r,notRNFA)=0;
 336  RNFA.fx(econ_r,j)=0;
 337  RNFA.fx(vc_r,j)=0;
 338   
 339  equation xEq1(i,j),bEq1(k,j);
 340  variable X(i,j);
GAMS 24.7.4  r58773 Released Sep 19, 2016 LEX-LEG x86 64bit/Linux                                                                                                                                                                      07/28/21 19:03:09 Page 6
G e n e r a l   A l g e b r a i c   M o d e l i n g   S y s t e m
C o m p i l a t i o n


 341  xEq1(i,j).. X(i,j)=e=L(i,j)+dcUvc(i,j)+dcUrnfa(i,j)+ucUvc(i,j)+ucUrnfa(i,j)+dcVCrnfa(i,j)+ucVCrnfa(i,j)+VCstar(i,j)+RNFA(i,j);
 342  variable B(k,j);
 343  bEq1(k,j).. B(k,j)=e=econBstar(k,j)+vcB(k,j);
 344  B.fx(econ_int,vc_c)=0;
 345  B.fx(econ_int,rnfa_c)=0;
 346  B.fx(vc_int,econ_c)=0;
 347  B.fx(vc_int,vc_c)=vcB(vc_int,vc_c);
 348  B.fx(vc_int,rnfa_c)=0;
 349   
 350  *Display X;
 351   
 352   
 353   
 354  *sets
 355  *    li(j,i) limitingsets //
 356  *   posb(i) positive products //;
 357   
 358  *parameter yei(j) Yield //;
 359   
 360  *f.lo(i)$(posb(i)) =0;
 361  f.fx(i)$(vc_r(i)) =0;
 362  f.lo(i)$(econ_r(i)) =0;
 363  m.lo(j)=0;
 364   
 365  *Enter Bases in mol/sec
 367   
 368  equation LCModel(i);
 369   
 370  LCModel(i).. sum(j,X(i,j)*m(j))=e=f(i);
 371   
 372  equation LCIntModel(k);
 373   
 374  LCIntModel(k)..sum(j,B(k,j)*m(j))=e=g(k);
 375   
 376  *equation yeildConstr(j,i);
 377  *yeildConstr(j,i)$li(j,i).. m(j)=l= yei(j)*sum(jd1,X(i,jd1)*m(jd1))/(abs(X(i,j))*(1-yei(j)));
 378   
 379   
 380   
 381  equation MTHFProd;
 382  MTHFProd.. f('5')=e=1000;
 383   
 384   
 385  equation CO2EqConstr;
 386  variable CO2Eq;
 387  CO2EqConstr.. CO2Eq=e=g('1')+g('2');
      equation kgPConstr;
      variable kgP;
      kgPConstr.. kgP=e=g('23');
       
      set A1f1(j,i) /399.395, 400.395, 401.395, 417.413, 421.413, 411.414, #rnfa_c.415/;
      set A3f3(j,i) /409.399,410.399/;
       
GAMS 24.7.4  r58773 Released Sep 19, 2016 LEX-LEG x86 64bit/Linux                                                                                                                                                                      07/28/21 19:03:09 Page 7
G e n e r a l   A l g e b r a i c   M o d e l i n g   S y s t e m
C o m p i l a t i o n


      parameter Hcom(i) /395 0.731, 413 0.216, 414 0.236, 415 0.285, 399 0.218/;
      *parameter costVals(i) /395 , 399 , 413 , 414 , 415/;  
       
       
      equation DeltaEeq;
      variable DeltaE;
      DeltaEeq.. DeltaE=e=sum((j,i)$A1f1(j,i),abs(X(i,j))*m(j)*Hcom(i))-sum((j,i)$A3f3(j,i),abs(X(i,j))*m(j)*Hcom(i));
       
      equation ICEq;
      variable IC;
      ICEq.. IC=e=3*DeltaE*0.35;
       
       
      scalar intrate /0.05/;
      equation TARConstr;
      variable TAR;
      TARConstr.. TAR=e=(f('399')*5000*86*10**(-6))-costIn;
       
      variable NPV;
      equation NPVConstr;
      NPVConstr.. NPV=e= TAR*7.27 -IC;
       
      variable landArea;
      equation landAreaEq;
      landAreaEq.. landArea=e=g('14')+g('24');
       
       
       
      *equation fruitConstr1,fruitConstr2;
      *fruitConstr1.. m('395')=l=0.3*(m('394')+m('395')+m('396'));
      *fruitConstr2.. m('396')=l=0.3*(m('394')+m('395')+m('396'));
 428  set U2RNFA(i,j) /#econ_r.#rnfa_c/;
 429  set U2VC(i,j) /#econ_r.#vc_c/;
 430  set IASource(j) /3*4/;
 431  parameter costIASource(j) /3 0.1, 4 0.1/;
 432  equation costInEq;
 433  variable costIn;
 434  CostInEq.. costIn=e=sum((i,j)$U2RNFA(i,j),-1*(X(i,j))*m(j))+sum((i,j)$U2VC(i,j),-1*(X(i,j))*m(j))+sum(j$IAsource(j),costIASource(j)*m(j));
 435  equation LCCConstr;
 436  variable LCC;
 437  LCCConstr.. LCC=e=costIn;
 438   
 439   
 440  *equation TARPost;
 441  *TarPost.. TAR=g=0;
 442   
 443  *(IC*intrate/(1-(1+intrate)**(-5)))
 444   
 445  parameters LCCDummy,NPVDummy,CO2Dummy,elcc;
 446   
 448  elcc=-1;;
 449  equation eCons;
 450  eCons$(elcc>0).. LCC=l=elcc;
GAMS 24.7.4  r58773 Released Sep 19, 2016 LEX-LEG x86 64bit/Linux                                                                                                                                                                      07/28/21 19:03:09 Page 8
G e n e r a l   A l g e b r a i c   M o d e l i n g   S y s t e m
C o m p i l a t i o n


 451   
 452   
 453  variable dumm;
 454  equation dumeq;
 455  dumeq.. dumm=e=0;
 456   
 457   
 458      Model P2PRNFA /ALL/;
 459      Option NLP=BARON;
 460  *    Solve P2PRNFA using NLP minimizing dumm;
 461  *    Solve P2PRNFA using LP maximizing NPV;
 462  *     NPVDummy=NPV.l;
 463  *    NPV.lo=NPVDummy;
 464  *   Solve P2PRNFA using LP minimizing CO2Eq;
 465   
 466    Solve P2PRNFA using NLP minimizing LCC;
 467  *    LCCDummy=LCC.l;
 468  *   LCC.up=LCCDummy;
 469  *   Solve P2PRNFA using NLP minimizing CO2Eq;
 470  *Solve P2PRNFA using NLP minimizing CO2Eq;
 471  *  Solve P2PRNFA using LP minimizing kgP;
 472  *   Solve P2PRNFA using LP minimizing landArea;
 473  * Solve P2PRNFA using NLP minimizing CO2Eq;
 474  *  CO2Dummy=CO2Eq.l;
 475  *  CO2Eq.up=CO2Dummy;
 476  *  Solve P2PRNFA using NLP minimizing LCC;
 477   
 478  *Display econVTstarInv;
 479  *Display Astar,rank;
 480  Display m.l;
 481  Display f.l;
 482  Display g.l;
 483   
 484  parameter diffCalc1(econ_c,econ_rJ),diffCalc2(econ_r,econ_c);
 485  diffCalc1(econ_c,econ_rJ)=econVstar.l(econ_c,econ_rJ)-econV(econ_c,econ_rj);
 486  diffCalc2(econ_r,econ_c)=econUstar.l(econ_r,econ_c)-econU(econ_r,econ_c);
 487  Display diffCalc1,diffCalc2;
 488   
 491  *
 492  File pareto /pareto0.txt/;
 493  pareto.ap=1;
 494  pareto.nd=4;
 495  pareto.pw=32767;
 496  put pareto"";
 497  put 1000",";
 498  put LCC.l",";
 499  put CO2Eq.l",";
 500  loop(j,put m.l(j)",");
 501  put "0";
 502  put "";
 503  put /;
 504   
 505   
GAMS 24.7.4  r58773 Released Sep 19, 2016 LEX-LEG x86 64bit/Linux                                                                                                                                                                      07/28/21 19:03:09 Page 9
G e n e r a l   A l g e b r a i c   M o d e l i n g   S y s t e m
C o m p i l a t i o n


 506  execute_unload 'X.gdx', X;
 507  execute 'gdxdump X.gdx output=X.csv symb=X format=csv'
 508   
 509  execute_unload 'B.gdx', B;
 510  execute 'gdxdump B.gdx output=B.csv symb=B format=csv'
 511  execute 'python convert_to_inc.py'
 512  *
 513  *File paretoAll3 /paretoAll3.txt/;
 514  *paretoAll3.ap=1;
 515  *paretoAll3.nd=4;
 516  *put paretoAll3"";
 517  *put %basis%",";
 518  *put LCC.l",";
 519  *put CO2Eq.l",";
 520  *put kgP.l",";
 521  *put landArea.l",";
 522  *loop(j$vc_c(j),put m.l(j)",");
 523  **loop(j$rnfa_c(j),put m.l(j)",");
 524  *put "";
 525  *put /;
 526  *
 527  *File paretoAll4 /paretoAll4.txt/;
 528  *paretoAll4.ap=1;
 529  *paretoAll4.nd=4;
 530  *put paretoAll4"";
 531  *put %basis%",";
 532  *put LCC.l",";
 533  *put CO2Eq.l",";
 534  *put kgP.l",";
 535  *put landArea.l",";
 536  **loop(j$vc_c(j),put m.l(j)",");
 537  *loop(j$rnfa_c(j),put m.l(j)",");
 538  *put "";
 539  *put /;
 540  *
 541  *execute_unload 'XNEW.gdx', X,Astar,VCstar,RNFA,m;
 542  *execute 'gdxdump X.gdx output=X.csv symb=X format=csv'
 543  *execute 'gdxdump X.gdx output=Astar.csv symb=Astar format=csv'
 544  *execute 'gdxdump X.gdx output=VCstar.csv symb=VCstar format=csv'
 545  *execute 'gdxdump X.gdx output=RNFA.csv symb=RNFA format=csv'
 546  *execute 'gdxdump XNEW.gdx output=m.csv symb=m format=csv'
 547  *execute 'rm X.gdx'
 548   
 549  *Display Astar;
 550  *display rank, piv;
 551   

**** LIST OF STRAY NAMES - CHECK DECLARATIONS FOR SPURIOUS COMMAS
**** STRAY NAME NPVDummy OF TYPE PARAM
**** STRAY NAME CO2Dummy OF TYPE PARAM
GAMS 24.7.4  r58773 Released Sep 19, 2016 LEX-LEG x86 64bit/Linux                                                                                                                                                                     07/28/21 19:03:09 Page 10
G e n e r a l   A l g e b r a i c   M o d e l i n g   S y s t e m
Include File Summary


   SEQ   GLOBAL TYPE      PARENT   LOCAL  FILENAME

     1        1 INPUT          0       0  /home/vyom/P2P-RNFA/P2P-RNFA/p2p-rnfa-trial.gms
     2      118 INCLUDE        1     118  ./home/vyom/P2P-RNFA/P2P-RNFA/incFiles/incToy.inc


COMPILATION TIME     =        0.003 SECONDS      3 MB  24.7.4 r58773 LEX-LEG
GAMS 24.7.4  r58773 Released Sep 19, 2016 LEX-LEG x86 64bit/Linux                                                                                                                                                                     07/28/21 19:03:09 Page 11
G e n e r a l   A l g e b r a i c   M o d e l i n g   S y s t e m
Equation Listing    SOLVE P2PRNFA Using NLP From line 466


---- disagg1  =E=  

disagg1(1,1)..  0.35*m(3) + econVstar(1,1) =E= 500 ; (LHS = 0, INFES = 500 ****)
     
disagg1(1,2)..  econVstar(1,2) =E= 0 ; (LHS = 0)
     
disagg1(2,1)..  econVstar(2,1) =E= 0 ; (LHS = 0)
     
REMAINING ENTRY SKIPPED


---- disagg2  =E=  

disagg2(1,1)..  0.15*m(3) + econUstar(1,1) =E= 150 ; (LHS = 0, INFES = 150 ****)
     
disagg2(1,2)..  0.08*m(4) + econUstar(1,2) =E= 200 ; (LHS = 0, INFES = 200 ****)
     
disagg2(2,1)..  4.05*m(3) + econUstar(2,1) =E= 300 ; (LHS = 0, INFES = 300 ****)
     
REMAINING ENTRY SKIPPED


---- disagg3  =E=  

disagg3(1,1)..  - econVstar(1,1) + econVTstar(1,1) =E= 0 ; (LHS = 0)
     
disagg3(1,2)..  - econVstar(2,1) + econVTstar(1,2) =E= 0 ; (LHS = 0)
     
disagg3(2,1)..  - econVstar(1,2) + econVTstar(2,1) =E= 0 ; (LHS = 0)
     
REMAINING ENTRY SKIPPED


---- disagg4  =E=  

disagg4(1,1)..  4*m(3) + (0)*econBstar(1,1) + (0)*econVTstarOne(1) =E= 200 ; (LHS = 0, INFES = 200 ****)
     
disagg4(1,2)..  20*m(4) + (0)*econBstar(1,2) + (0)*econVTstarOne(2) =E= 800 ; (LHS = 0, INFES = 800 ****)
     

---- vtone  =E=  

vtone(1)..  - econVTstar(1,1) - econVTstar(2,1) + econVTstarOne(1) =E= 0 ; (LHS = 0)
     
vtone(2)..  - econVTstar(1,2) - econVTstar(2,2) + econVTstarOne(2) =E= 0 ; (LHS = 0)
     

---- econEq1  =E=  

econEq1(1,1)..  - econUstar(1,1) + (0)*econVTstar(1,1) + (0)*econVTstar(2,1) + (0)*Astar(1,1) + (0)*Astar(1,2) =E= 0 ; (LHS = 0)
     
GAMS 24.7.4  r58773 Released Sep 19, 2016 LEX-LEG x86 64bit/Linux                                                                                                                                                                     07/28/21 19:03:09 Page 12
G e n e r a l   A l g e b r a i c   M o d e l i n g   S y s t e m
Equation Listing    SOLVE P2PRNFA Using NLP From line 466


     econEq1  =E=  

econEq1(1,2)..  - econUstar(1,2) + (0)*econVTstar(1,2) + (0)*econVTstar(2,2) + (0)*Astar(1,1) + (0)*Astar(1,2) =E= 0 ; (LHS = 0)
     
econEq1(2,1)..  - econUstar(2,1) + (0)*econVTstar(1,1) + (0)*econVTstar(2,1) + (0)*Astar(2,1) + (0)*Astar(2,2) =E= 0 ; (LHS = 0)
     
REMAINING ENTRY SKIPPED


---- econEq2  =E=  

econEq2(1,1)..  Astar(1,1) + L(1,1) =E= 1 ; (LHS = 0, INFES = 1 ****)
     
econEq2(1,2)..  Astar(1,2) + L(1,2) =E= 0 ; (LHS = 0)
     
econEq2(2,1)..  Astar(2,1) + L(2,1) =E= 0 ; (LHS = 0)
     
REMAINING ENTRY SKIPPED


---- vcEq1  =E=  

vcEq1(3,3)..  VCstar(3,3) =E= 20 ; (LHS = 0, INFES = 20 ****)
     
vcEq1(3,4)..  VCstar(3,4) =E= -8 ; (LHS = 0, INFES = 8 ****)
     
vcEq1(4,3)..  VCstar(4,3) =E= -5 ; (LHS = 0, INFES = 5 ****)
     
REMAINING ENTRY SKIPPED


---- rnfaEq1  =E=  

rnfaEq1(5,5)..  RNFA(5,5) =E= 1 ; (LHS = 0, INFES = 1 ****)
     
rnfaEq1(5,6)..  RNFA(5,6) =E= 2 ; (LHS = 0, INFES = 2 ****)
     

---- xEq1  =E=  

xEq1(1,1)..  - L(1,1) - VCstar(1,1) - RNFA(1,1) + X(1,1) =E= 0 ; (LHS = 0)
     
xEq1(1,2)..  - L(1,2) - VCstar(1,2) - RNFA(1,2) + X(1,2) =E= 0 ; (LHS = 0)
     
xEq1(1,3)..  - L(1,3) - VCstar(1,3) - RNFA(1,3) + X(1,3) =E= 0 ; (LHS = 0)
     
REMAINING 27 ENTRIES SKIPPED

GAMS 24.7.4  r58773 Released Sep 19, 2016 LEX-LEG x86 64bit/Linux                                                                                                                                                                     07/28/21 19:03:09 Page 13
G e n e r a l   A l g e b r a i c   M o d e l i n g   S y s t e m
Equation Listing    SOLVE P2PRNFA Using NLP From line 466


---- bEq1  =E=  

bEq1(1,1)..  - econBstar(1,1) + B(1,1) =E= 0 ; (LHS = 0)
     
bEq1(1,2)..  - econBstar(1,2) + B(1,2) =E= 0 ; (LHS = 0)
     
bEq1(1,3)..  - econBstar(1,3) + B(1,3) =E= 0 ; (LHS = 0)
     
REMAINING 9 ENTRIES SKIPPED


---- LCModel  =E=  

LCModel(1)..  (0)*m(1) + (0)*m(2) + (0)*m(3) + (0)*m(4) + (0)*m(5) + (0)*m(6) - f(1) + (0)*X(1,1) + (0)*X(1,2) + (0)*X(1,3) + (0)*X(1,4) + (0)*X(1,5) + (0)*X(1,6) =E= 0 ; (LHS = 0)
     
LCModel(2)..  (0)*m(1) + (0)*m(2) + (0)*m(3) + (0)*m(4) + (0)*m(5) + (0)*m(6) - f(2) + (0)*X(2,1) + (0)*X(2,2) + (0)*X(2,3) + (0)*X(2,4) + (0)*X(2,5) + (0)*X(2,6) =E= 0 ; (LHS = 0)
     
LCModel(3)..  (0)*m(1) + (0)*m(2) + (0)*m(3) + (0)*m(4) + (0)*m(5) + (0)*m(6) - f(3) + (0)*X(3,1) + (0)*X(3,2) + (0)*X(3,3) + (0)*X(3,4) + (0)*X(3,5) + (0)*X(3,6) =E= 0 ; (LHS = 0)
     
REMAINING 2 ENTRIES SKIPPED


---- LCIntModel  =E=  

LCIntModel(1)..  (0)*m(1) + (0)*m(2) + (0)*m(3) + (0)*m(4) + (0)*m(5) + (0)*m(6) - g(1) + (0)*B(1,1) + (0)*B(1,2) + (0)*B(1,3) + (0)*B(1,4) + (0)*B(1,5) + (0)*B(1,6) =E= 0 ; (LHS = 0)
     
LCIntModel(2)..  (0)*m(1) + (0)*m(2) + (4)*m(3) + (20)*m(4) + (0)*m(5) + (0)*m(6) - g(2) + (0)*B(2,1) + (0)*B(2,2) + (0)*B(2,3) + (0)*B(2,4) + (0)*B(2,5) + (0)*B(2,6) =E= 0 ; (LHS = 0)
     

---- MTHFProd  =E=  

MTHFProd..  f(5) =E= 1000 ; (LHS = 0, INFES = 1000 ****)
     

---- CO2EqConstr  =E=  

CO2EqConstr..  - g(1) - g(2) + CO2Eq =E= 0 ; (LHS = 0)
     

---- costInEq  =E=  

costInEq..  - (0.1)*m(3) - (0.1)*m(4) + (0)*m(5) + (0)*m(6) + (0)*X(1,3) + (0)*X(1,4) + (0)*X(1,5) + (0)*X(1,6) + (0)*X(2,3) + (0)*X(2,4) + (0)*X(2,5) + (0)*X(2,6) + costIn =E= 0 ; (LHS = 0)
     

---- LCCConstr  =E=  

LCCConstr..  - costIn + LCC =E= 0 ; (LHS = 0)
     
GAMS 24.7.4  r58773 Released Sep 19, 2016 LEX-LEG x86 64bit/Linux                                                                                                                                                                     07/28/21 19:03:09 Page 14
G e n e r a l   A l g e b r a i c   M o d e l i n g   S y s t e m
Equation Listing    SOLVE P2PRNFA Using NLP From line 466


---- eCons  =L=  

                NONE


---- dumeq  =E=  

dumeq..  dumm =E= 0 ; (LHS = 0)
     
GAMS 24.7.4  r58773 Released Sep 19, 2016 LEX-LEG x86 64bit/Linux                                                                                                                                                                     07/28/21 19:03:09 Page 15
G e n e r a l   A l g e b r a i c   M o d e l i n g   S y s t e m
Column Listing      SOLVE P2PRNFA Using NLP From line 466


---- m  

m(1)
                (.LO, .L, .UP, .M = 0, 0, +INF, 0)
       (0)      LCModel(1)
       (0)      LCModel(2)
       (0)      LCModel(3)
       (0)      LCModel(4)
       (0)      LCModel(5)
       (0)      LCIntModel(1)
       (0)      LCIntModel(2)

m(2)
                (.LO, .L, .UP, .M = 0, 0, +INF, 0)
       (0)      LCModel(1)
       (0)      LCModel(2)
       (0)      LCModel(3)
       (0)      LCModel(4)
       (0)      LCModel(5)
       (0)      LCIntModel(1)
       (0)      LCIntModel(2)

m(3)
                (.LO, .L, .UP, .M = 0, 0, +INF, 0)
        0.35    disagg1(1,1)
        0.15    disagg2(1,1)
        4.05    disagg2(2,1)
        4       disagg4(1,1)
       (0)      LCModel(1)
       (0)      LCModel(2)
       (0)      LCModel(3)
       (0)      LCModel(4)
       (0)      LCModel(5)
       (0)      LCIntModel(1)
       (4)      LCIntModel(2)
      (-0.1)    costInEq

REMAINING 3 ENTRIES SKIPPED

---- f  

f(1)
                (.LO, .L, .UP, .M = 0, 0, +INF, 0)
       -1       LCModel(1)

f(2)
                (.LO, .L, .UP, .M = 0, 0, +INF, 0)
       -1       LCModel(2)

f(3)
                (.LO, .L, .UP, .M = 0, 0, 0, 0)
       -1       LCModel(3)

GAMS 24.7.4  r58773 Released Sep 19, 2016 LEX-LEG x86 64bit/Linux                                                                                                                                                                     07/28/21 19:03:09 Page 16
G e n e r a l   A l g e b r a i c   M o d e l i n g   S y s t e m
Column Listing      SOLVE P2PRNFA Using NLP From line 466


     f  

REMAINING 2 ENTRIES SKIPPED

---- g  

g(1)
                (.LO, .L, .UP, .M = -INF, 0, +INF, 0)
       -1       LCIntModel(1)
       -1       CO2EqConstr

g(2)
                (.LO, .L, .UP, .M = -INF, 0, +INF, 0)
       -1       LCIntModel(2)
       -1       CO2EqConstr


---- econVstar  

econVstar(1,1)
                (.LO, .L, .UP, .M = -INF, 0, +INF, 0)
        1       disagg1(1,1)
       -1       disagg3(1,1)

econVstar(1,2)
                (.LO, .L, .UP, .M = -INF, 0, +INF, 0)
        1       disagg1(1,2)
       -1       disagg3(2,1)

econVstar(2,1)
                (.LO, .L, .UP, .M = -INF, 0, +INF, 0)
        1       disagg1(2,1)
       -1       disagg3(1,2)

REMAINING ENTRY SKIPPED

---- econUstar  

econUstar(1,1)
                (.LO, .L, .UP, .M = -INF, 0, +INF, 0)
        1       disagg2(1,1)
       -1       econEq1(1,1)

econUstar(1,2)
                (.LO, .L, .UP, .M = -INF, 0, +INF, 0)
        1       disagg2(1,2)
       -1       econEq1(1,2)

econUstar(2,1)
                (.LO, .L, .UP, .M = -INF, 0, +INF, 0)
        1       disagg2(2,1)
       -1       econEq1(2,1)

GAMS 24.7.4  r58773 Released Sep 19, 2016 LEX-LEG x86 64bit/Linux                                                                                                                                                                     07/28/21 19:03:09 Page 17
G e n e r a l   A l g e b r a i c   M o d e l i n g   S y s t e m
Column Listing      SOLVE P2PRNFA Using NLP From line 466


     econUstar  

REMAINING ENTRY SKIPPED

---- econBstar  

econBstar(1,1)
                (.LO, .L, .UP, .M = -INF, 0, +INF, 0)
       (0)      disagg4(1,1)
       -1       bEq1(1,1)

econBstar(1,2)
                (.LO, .L, .UP, .M = -INF, 0, +INF, 0)
       (0)      disagg4(1,2)
       -1       bEq1(1,2)

econBstar(1,3)
                (.LO, .L, .UP, .M = -INF, 0, +INF, 0)
       -1       bEq1(1,3)

REMAINING 9 ENTRIES SKIPPED

---- econVTstar  

econVTstar(1,1)
                (.LO, .L, .UP, .M = -INF, 0, +INF, 0)
        1       disagg3(1,1)
       -1       vtone(1)
       (0)      econEq1(1,1)
       (0)      econEq1(2,1)

econVTstar(1,2)
                (.LO, .L, .UP, .M = -INF, 0, +INF, 0)
        1       disagg3(1,2)
       -1       vtone(2)
       (0)      econEq1(1,2)
       (0)      econEq1(2,2)

econVTstar(2,1)
                (.LO, .L, .UP, .M = -INF, 0, +INF, 0)
        1       disagg3(2,1)
       -1       vtone(1)
       (0)      econEq1(1,1)
       (0)      econEq1(2,1)

REMAINING ENTRY SKIPPED

---- econVTstarOne  

econVTstarOne(1)
                (.LO, .L, .UP, .M = -INF, 0, +INF, 0)
       (0)      disagg4(1,1)
        1       vtone(1)
GAMS 24.7.4  r58773 Released Sep 19, 2016 LEX-LEG x86 64bit/Linux                                                                                                                                                                     07/28/21 19:03:09 Page 18
G e n e r a l   A l g e b r a i c   M o d e l i n g   S y s t e m
Column Listing      SOLVE P2PRNFA Using NLP From line 466


     econVTstarOne  


econVTstarOne(2)
                (.LO, .L, .UP, .M = -INF, 0, +INF, 0)
       (0)      disagg4(1,2)
        1       vtone(2)


---- Astar  

Astar(1,1)
                (.LO, .L, .UP, .M = -INF, 0, +INF, 0)
       (0)      econEq1(1,1)
       (0)      econEq1(1,2)
        1       econEq2(1,1)

Astar(1,2)
                (.LO, .L, .UP, .M = -INF, 0, +INF, 0)
       (0)      econEq1(1,1)
       (0)      econEq1(1,2)
        1       econEq2(1,2)

Astar(2,1)
                (.LO, .L, .UP, .M = -INF, 0, +INF, 0)
       (0)      econEq1(2,1)
       (0)      econEq1(2,2)
        1       econEq2(2,1)

REMAINING ENTRY SKIPPED

---- L  

L(1,1)
                (.LO, .L, .UP, .M = -INF, 0, +INF, 0)
        1       econEq2(1,1)
       -1       xEq1(1,1)

L(1,2)
                (.LO, .L, .UP, .M = -INF, 0, +INF, 0)
        1       econEq2(1,2)
       -1       xEq1(1,2)

L(1,3)
                (.LO, .L, .UP, .M = 0, 0, 0, 0)
       -1       xEq1(1,3)

REMAINING 27 ENTRIES SKIPPED
GAMS 24.7.4  r58773 Released Sep 19, 2016 LEX-LEG x86 64bit/Linux                                                                                                                                                                     07/28/21 19:03:09 Page 19
G e n e r a l   A l g e b r a i c   M o d e l i n g   S y s t e m
Column Listing      SOLVE P2PRNFA Using NLP From line 466


---- VCstar  

VCstar(1,1)
                (.LO, .L, .UP, .M = 0, 0, 0, 0)
       -1       xEq1(1,1)

VCstar(1,2)
                (.LO, .L, .UP, .M = 0, 0, 0, 0)
       -1       xEq1(1,2)

VCstar(1,3)
                (.LO, .L, .UP, .M = 0, 0, 0, 0)
       -1       xEq1(1,3)

REMAINING 27 ENTRIES SKIPPED

---- RNFA  

RNFA(1,1)
                (.LO, .L, .UP, .M = 0, 0, 0, 0)
       -1       xEq1(1,1)

RNFA(1,2)
                (.LO, .L, .UP, .M = 0, 0, 0, 0)
       -1       xEq1(1,2)

RNFA(1,3)
                (.LO, .L, .UP, .M = 0, 0, 0, 0)
       -1       xEq1(1,3)

REMAINING 27 ENTRIES SKIPPED

---- X  

X(1,1)
                (.LO, .L, .UP, .M = -INF, 0, +INF, 0)
        1       xEq1(1,1)
       (0)      LCModel(1)

X(1,2)
                (.LO, .L, .UP, .M = -INF, 0, +INF, 0)
        1       xEq1(1,2)
       (0)      LCModel(1)

X(1,3)
                (.LO, .L, .UP, .M = -INF, 0, +INF, 0)
        1       xEq1(1,3)
       (0)      LCModel(1)
       (0)      costInEq

REMAINING 27 ENTRIES SKIPPED
GAMS 24.7.4  r58773 Released Sep 19, 2016 LEX-LEG x86 64bit/Linux                                                                                                                                                                     07/28/21 19:03:09 Page 20
G e n e r a l   A l g e b r a i c   M o d e l i n g   S y s t e m
Column Listing      SOLVE P2PRNFA Using NLP From line 466


---- B  

B(1,1)
                (.LO, .L, .UP, .M = -INF, 0, +INF, 0)
        1       bEq1(1,1)
       (0)      LCIntModel(1)

B(1,2)
                (.LO, .L, .UP, .M = -INF, 0, +INF, 0)
        1       bEq1(1,2)
       (0)      LCIntModel(1)

B(1,3)
                (.LO, .L, .UP, .M = 0, 0, 0, 0)
        1       bEq1(1,3)
       (0)      LCIntModel(1)

REMAINING 9 ENTRIES SKIPPED

---- CO2Eq  

CO2Eq
                (.LO, .L, .UP, .M = -INF, 0, +INF, 0)
        1       CO2EqConstr


---- costIn  

costIn
                (.LO, .L, .UP, .M = -INF, 0, +INF, 0)
        1       costInEq
       -1       LCCConstr


---- LCC  

LCC
                (.LO, .L, .UP, .M = -INF, 0, +INF, 0)
        1       LCCConstr


---- dumm  

dumm
                (.LO, .L, .UP, .M = -INF, 0, +INF, 0)
        1       dumeq

GAMS 24.7.4  r58773 Released Sep 19, 2016 LEX-LEG x86 64bit/Linux                                                                                                                                                                     07/28/21 19:03:09 Page 21
G e n e r a l   A l g e b r a i c   M o d e l i n g   S y s t e m
Model Statistics    SOLVE P2PRNFA Using NLP From line 466


MODEL STATISTICS

BLOCKS OF EQUATIONS          19     SINGLE EQUATIONS           84
BLOCKS OF VARIABLES          18     SINGLE VARIABLES          179
NON ZERO ELEMENTS           323     NON LINEAR N-Z            116
DERIVATIVE POOL              20     CONSTANT POOL              16
CODE LENGTH                 201


GENERATION TIME      =        0.011 SECONDS      4 MB  24.7.4 r58773 LEX-LEG


EXECUTION TIME       =        0.023 SECONDS      4 MB  24.7.4 r58773 LEX-LEG
GAMS 24.7.4  r58773 Released Sep 19, 2016 LEX-LEG x86 64bit/Linux                                                                                                                                                                     07/28/21 19:03:09 Page 22
G e n e r a l   A l g e b r a i c   M o d e l i n g   S y s t e m
Solution Report     SOLVE P2PRNFA Using NLP From line 466


               S O L V E      S U M M A R Y

     MODEL   P2PRNFA             OBJECTIVE  LCC
     TYPE    NLP                 DIRECTION  MINIMIZE
     SOLVER  BARON               FROM LINE  466

**** SOLVER STATUS     1 Normal Completion         
**** MODEL STATUS      1 Optimal                   
**** OBJECTIVE VALUE                1.7737

 RESOURCE USAGE, LIMIT          0.010      1000.000
 ITERATION COUNT, LIMIT         0    2000000000
 EVALUATION ERRORS              0             0

GAMS/BARON       24.7.4 r58773 Released Sep 19, 2016 LEG x86 64bit/Linux      

BARON is a product of The Optimization Firm, LLC. http://www.minlp.com/
Parts of the BARON software were created at the
University of Illinois at Urbana-Champaign.


===========================================================================
 BARON version 16.8.24. Built: LNX-64 Wed Aug 24 08:52:24 EDT 2016

 If you use this software, please cite:
 Tawarmalani, M. and N. V. Sahinidis, A polyhedral
 branch-and-cut approach to global optimization,
 Mathematical Programming, 103(2), 225-249, 2005.

 BARON is a product of The Optimization Firm, LLC. http://www.minlp.com/
 Parts of the BARON software were created at the
 University of Illinois at Urbana-Champaign.
===========================================================================
 This BARON run may utilize the following subsolver(s)
 For LP/MIP: ILOG CPLEX                                      
 For NLP: MINOS, SNOPT, GAMS external NLP, IPOPT, FILTERSD
===========================================================================

Solution      = 1.77368421052632  best solution found during preprocessing
Best possible = 1.77368421053
Absolute gap  = 3.68394204031119E-12  optca = 1E-9
Relative gap  = 0.00000  optcr = 0.1
  (Note that BARON uses a different formula to compute the relative gap as
   was used for the above reported value.)


---- EQU disagg1  

           LOWER          LEVEL          UPPER         MARGINAL

1.1       500.0000       500.0000       500.0000          .          
1.2          .              .              .              .          
2.1          .              .              .              .          
GAMS 24.7.4  r58773 Released Sep 19, 2016 LEX-LEG x86 64bit/Linux                                                                                                                                                                     07/28/21 19:03:09 Page 23
G e n e r a l   A l g e b r a i c   M o d e l i n g   S y s t e m
Solution Report     SOLVE P2PRNFA Using NLP From line 466


     EQU disagg1  

           LOWER          LEVEL          UPPER         MARGINAL

2.2       700.0000       700.0000       700.0000          .          

---- EQU disagg2  

           LOWER          LEVEL          UPPER         MARGINAL

1.1       150.0000       150.0000       150.0000          .          
1.2       200.0000       200.0000       200.0000          .          
2.1       300.0000       300.0000       300.0000          .          
2.2       100.0000       100.0000       100.0000          .          

---- EQU disagg3  

           LOWER          LEVEL          UPPER         MARGINAL

1.1          .              .              .              .          
1.2          .              .              .              .          
2.1          .              .              .              .          
2.2          .              .              .              .          

---- EQU disagg4  

           LOWER          LEVEL          UPPER         MARGINAL

1.1       200.0000       200.0000       200.0000          .          
1.2       800.0000       800.0000       800.0000          .          

---- EQU vtone  

         LOWER          LEVEL          UPPER         MARGINAL

1          .              .              .              .          
2          .              .              .              .          

---- EQU econEq1  

           LOWER          LEVEL          UPPER         MARGINAL

1.1          .              .              .              .          
1.2          .              .              .              .          
2.1          .              .              .              .          
2.2          .              .              .              .          
GAMS 24.7.4  r58773 Released Sep 19, 2016 LEX-LEG x86 64bit/Linux                                                                                                                                                                     07/28/21 19:03:09 Page 24
G e n e r a l   A l g e b r a i c   M o d e l i n g   S y s t e m
Solution Report     SOLVE P2PRNFA Using NLP From line 466


---- EQU econEq2  

           LOWER          LEVEL          UPPER         MARGINAL

1.1         1.0000         1.0000         1.0000          .          
1.2          .              .              .              .          
2.1          .              .              .              .          
2.2         1.0000         1.0000         1.0000          .          

---- EQU vcEq1  

           LOWER          LEVEL          UPPER         MARGINAL

3.3        20.0000        20.0000        20.0000        -0.0262      
3.4        -8.0000        -8.0000        -8.0000        -0.0656      
4.3        -5.0000        -5.0000        -5.0000        -0.0187      
4.4        40.0000        40.0000        40.0000        -0.0467      

---- EQU rnfaEq1  

           LOWER          LEVEL          UPPER         MARGINAL

5.5         1.0000         1.0000         1.0000          .          
5.6         2.0000         2.0000         2.0000        -0.8868      

---- EQU xEq1  

           LOWER          LEVEL          UPPER         MARGINAL

1.1          .              .              .              .          
1.2          .              .              .              .          
1.3          .              .              .            -0.1053      
1.4          .              .              .            -0.2632      
1.5          .              .              .              .          
1.6          .              .              .          -500.0000      
2.1          .              .              .              .          
2.2          .              .              .              .          
2.3        -4.0000        -4.0000        -4.0000        -0.1053      
2.4        -5.0000        -5.0000        -5.0000        -0.2632      
2.5          .              .              .              .          
2.6          .              .              .          -500.0000      
3.1          .              .              .            -0.2877      
3.2          .              .              .            -0.7048      
3.3          .              .              .            -0.0262      
3.4          .              .              .            -0.0656      
3.5        -0.0100        -0.0100        -0.0100          .          
3.6          .              .              .          -124.6711      
4.1          .              .              .            -0.2047      
4.2          .              .              .            -0.5014      
4.3          .              .              .            -0.0187      
4.4          .              .              .            -0.0467      
4.5          .              .              .              .          
4.6        -0.0200        -0.0200        -0.0200       -88.6842      
GAMS 24.7.4  r58773 Released Sep 19, 2016 LEX-LEG x86 64bit/Linux                                                                                                                                                                     07/28/21 19:03:09 Page 25
G e n e r a l   A l g e b r a i c   M o d e l i n g   S y s t e m
Solution Report     SOLVE P2PRNFA Using NLP From line 466


     EQU xEq1  

           LOWER          LEVEL          UPPER         MARGINAL

5.1          .              .              .            -0.0020      
5.2          .              .              .            -0.0050      
5.3          .              .              .            -0.0002      
5.4          .              .              .            -0.0005      
5.5          .              .              .              .          
5.6          .              .              .            -0.8868      

---- EQU bEq1  

           LOWER          LEVEL          UPPER         MARGINAL

1.1          .              .              .              .          
1.2          .              .              .              .          
1.3          .              .              .              .          
1.4          .              .              .              .          
1.5          .              .              .              .          
1.6          .              .              .              .          
2.1          .              .              .              .          
2.2          .              .              .              .          
2.3         4.0000         4.0000         4.0000          .          
2.4        20.0000        20.0000        20.0000          .          
2.5          .              .              .              .          
2.6          .              .              .              .          

---- EQU LCModel  

         LOWER          LEVEL          UPPER         MARGINAL

1          .              .              .              .          
2          .       7.7482996E-8          .              .          
3          .              .              .             0.2493      
4          .              .              .             0.1774      
5          .              .              .             0.0018      

---- EQU LCIntModel  

         LOWER          LEVEL          UPPER         MARGINAL

1          .              .              .              .          
2          .              .              .              .          

                           LOWER          LEVEL          UPPER         MARGINAL

---- EQU MTHFProd        1000.0000      1000.0000      1000.0000         0.0018      
---- EQU CO2EqCons~          .              .              .              .          
---- EQU costInEq            .              .              .             1.0000      
---- EQU LCCConstr           .              .              .             1.0000      
---- EQU eCons                  (EMPTY)
---- EQU dumeq               .              .              .              .          
GAMS 24.7.4  r58773 Released Sep 19, 2016 LEX-LEG x86 64bit/Linux                                                                                                                                                                     07/28/21 19:03:09 Page 26
G e n e r a l   A l g e b r a i c   M o d e l i n g   S y s t e m
Solution Report     SOLVE P2PRNFA Using NLP From line 466


---- VAR m  

         LOWER          LEVEL          UPPER         MARGINAL

1          .             1.1538        +INF             .          
2          .             2.8267        +INF             .          
3          .             0.1053        +INF             .          
4          .             0.2632        +INF             .          
5          .              .            +INF            0.0007      
6          .           500.0000        +INF             .          

---- VAR f  

         LOWER          LEVEL          UPPER         MARGINAL

1          .              .            +INF             .          
2          .              .            +INF             .          
3          .              .              .             0.2493      
4          .              .              .             0.1774      
5        -INF         1000.0000        +INF             .          

---- VAR g  

         LOWER          LEVEL          UPPER         MARGINAL

1        -INF            3.6704        +INF             .          
2        -INF            5.6842        +INF             .          

---- VAR econVstar  

           LOWER          LEVEL          UPPER         MARGINAL

1.1        -INF          499.9632        +INF             .          
1.2        -INF             .            +INF             .          
2.1        -INF             .            +INF             .          
2.2        -INF          699.8684        +INF             .          

---- VAR econUstar  

           LOWER          LEVEL          UPPER         MARGINAL

1.1        -INF          149.9842        +INF             .          
1.2        -INF          199.9789        +INF             .          
2.1        -INF          299.5737        +INF             .          
2.2        -INF           98.6579        +INF             .          

---- VAR econBstar  

           LOWER          LEVEL          UPPER         MARGINAL

1.1        -INF            0.3992        +INF             .          
1.2        -INF            1.1356        +INF             .          
1.3        -INF             .            +INF             .          
GAMS 24.7.4  r58773 Released Sep 19, 2016 LEX-LEG x86 64bit/Linux                                                                                                                                                                     07/28/21 19:03:09 Page 27
G e n e r a l   A l g e b r a i c   M o d e l i n g   S y s t e m
Solution Report     SOLVE P2PRNFA Using NLP From line 466


     VAR econBstar  

           LOWER          LEVEL          UPPER         MARGINAL

1.4        -INF             .            +INF             .          
1.5        -INF             .            +INF             .          
1.6        -INF             .            +INF             .          
2.1        -INF             .            +INF             .          
2.2        -INF             .            +INF             .          
2.3        -INF             .            +INF             .          
2.4        -INF             .            +INF             .          
2.5        -INF             .            +INF             .          
2.6        -INF             .            +INF             .          

---- VAR econVTstar  

           LOWER          LEVEL          UPPER         MARGINAL

1.1        -INF          499.9632        +INF             .          
1.2        -INF             .            +INF             .          
2.1        -INF             .            +INF             .          
2.2        -INF          699.8684        +INF             .          

---- VAR econVTstarOne  

         LOWER          LEVEL          UPPER         MARGINAL

1        -INF          499.9632        +INF             .          
2        -INF          699.8684        +INF             .          

---- VAR Astar  

           LOWER          LEVEL          UPPER         MARGINAL

1.1        -INF            0.3000        +INF             .          
1.2        -INF            0.2857        +INF             .          
2.1        -INF            0.5992        +INF             .          
2.2        -INF            0.1410        +INF             .          

---- VAR L  

           LOWER          LEVEL          UPPER         MARGINAL

1.1        -INF            0.7000        +INF             .          
1.2        -INF           -0.2857        +INF             .          
1.3          .              .              .            -0.1053      
1.4          .              .              .            -0.2632      
1.5          .              .              .              .          
1.6          .              .              .          -500.0000      
2.1        -INF           -0.5992        +INF             .          
2.2        -INF            0.8590        +INF             .          
2.3          .              .              .            -0.1053      
2.4          .              .              .            -0.2632      
GAMS 24.7.4  r58773 Released Sep 19, 2016 LEX-LEG x86 64bit/Linux                                                                                                                                                                     07/28/21 19:03:09 Page 28
G e n e r a l   A l g e b r a i c   M o d e l i n g   S y s t e m
Solution Report     SOLVE P2PRNFA Using NLP From line 466


     VAR L  

           LOWER          LEVEL          UPPER         MARGINAL

2.5          .              .              .              .          
2.6          .              .              .          -500.0000      
3.1          .              .              .            -0.2877      
3.2          .              .              .            -0.7048      
3.3          .              .              .            -0.0262      
3.4          .              .              .            -0.0656      
3.5          .              .              .              .          
3.6          .              .              .          -124.6711      
4.1          .              .              .            -0.2047      
4.2          .              .              .            -0.5014      
4.3          .              .              .            -0.0187      
4.4          .              .              .            -0.0467      
4.5          .              .              .              .          
4.6          .              .              .           -88.6842      
5.1          .              .              .            -0.0020      
5.2          .              .              .            -0.0050      
5.3          .              .              .            -0.0002      
5.4          .              .              .            -0.0005      
5.5          .              .              .              .          
5.6          .              .              .            -0.8868      

---- VAR VCstar  

           LOWER          LEVEL          UPPER         MARGINAL

1.1          .              .              .              .          
1.2          .              .              .              .          
1.3          .              .              .            -0.1053      
1.4          .              .              .            -0.2632      
1.5          .              .              .              .          
1.6          .              .              .          -500.0000      
2.1          .              .              .              .          
2.2          .              .              .              .          
2.3          .              .              .            -0.1053      
2.4          .              .              .            -0.2632      
2.5          .              .              .              .          
2.6          .              .              .          -500.0000      
3.1          .              .              .            -0.2877      
3.2          .              .              .            -0.7048      
3.3        -INF           20.0000        +INF             .          
3.4        -INF           -8.0000        +INF             .          
3.5          .              .              .              .          
3.6          .              .              .          -124.6711      
4.1          .              .              .            -0.2047      
4.2          .              .              .            -0.5014      
4.3        -INF           -5.0000        +INF             .          
4.4        -INF           40.0000        +INF             .          
4.5          .              .              .              .          
4.6          .              .              .           -88.6842      
GAMS 24.7.4  r58773 Released Sep 19, 2016 LEX-LEG x86 64bit/Linux                                                                                                                                                                     07/28/21 19:03:09 Page 29
G e n e r a l   A l g e b r a i c   M o d e l i n g   S y s t e m
Solution Report     SOLVE P2PRNFA Using NLP From line 466


     VAR VCstar  

           LOWER          LEVEL          UPPER         MARGINAL

5.1          .              .              .            -0.0020      
5.2          .              .              .            -0.0050      
5.3          .              .              .            -0.0002      
5.4          .              .              .            -0.0005      
5.5          .              .              .              .          
5.6          .              .              .            -0.8868      

---- VAR RNFA  

           LOWER          LEVEL          UPPER         MARGINAL

1.1          .              .              .              .          
1.2          .              .              .              .          
1.3          .              .              .            -0.1053      
1.4          .              .              .            -0.2632      
1.5          .              .              .              .          
1.6          .              .              .          -500.0000      
2.1          .              .              .              .          
2.2          .              .              .              .          
2.3          .              .              .            -0.1053      
2.4          .              .              .            -0.2632      
2.5          .              .              .              .          
2.6          .              .              .          -500.0000      
3.1          .              .              .            -0.2877      
3.2          .              .              .            -0.7048      
3.3          .              .              .            -0.0262      
3.4          .              .              .            -0.0656      
3.5          .              .              .              .          
3.6          .              .              .          -124.6711      
4.1          .              .              .            -0.2047      
4.2          .              .              .            -0.5014      
4.3          .              .              .            -0.0187      
4.4          .              .              .            -0.0467      
4.5          .              .              .              .          
4.6          .              .              .           -88.6842      
5.1          .              .              .            -0.0020      
5.2          .              .              .            -0.0050      
5.3          .              .              .            -0.0002      
5.4          .              .              .            -0.0005      
5.5        -INF            1.0000        +INF             .          
5.6        -INF            2.0000        +INF             .          

---- VAR X  

           LOWER          LEVEL          UPPER         MARGINAL

1.1        -INF            0.7000        +INF             .          
1.2        -INF           -0.2857        +INF             .          
1.3        -INF             .            +INF             .          
GAMS 24.7.4  r58773 Released Sep 19, 2016 LEX-LEG x86 64bit/Linux                                                                                                                                                                     07/28/21 19:03:09 Page 30
G e n e r a l   A l g e b r a i c   M o d e l i n g   S y s t e m
Solution Report     SOLVE P2PRNFA Using NLP From line 466


     VAR X  

           LOWER          LEVEL          UPPER         MARGINAL

1.4        -INF             .            +INF             .          
1.5        -INF             .            +INF             .          
1.6        -INF             .            +INF             .          
2.1        -INF           -0.5992        +INF             .          
2.2        -INF            0.8590        +INF             .          
2.3        -INF           -4.0000        +INF             .          
2.4        -INF           -5.0000        +INF             .          
2.5        -INF             .            +INF             .          
2.6        -INF             .            +INF             .          
3.1        -INF             .            +INF             .          
3.2        -INF             .            +INF             .          
3.3        -INF           20.0000        +INF             .          
3.4        -INF           -8.0000        +INF             .          
3.5        -INF           -0.0100        +INF             .          
3.6        -INF             .            +INF             .          
4.1        -INF             .            +INF             .          
4.2        -INF             .            +INF             .          
4.3        -INF           -5.0000        +INF             .          
4.4        -INF           40.0000        +INF             .          
4.5        -INF             .            +INF             .          
4.6        -INF           -0.0200        +INF             .          
5.1        -INF             .            +INF             .          
5.2        -INF             .            +INF             .          
5.3        -INF             .            +INF             .          
5.4        -INF             .            +INF             .          
5.5        -INF            1.0000        +INF             .          
5.6        -INF            2.0000        +INF             .          

---- VAR B  

           LOWER          LEVEL          UPPER         MARGINAL

1.1        -INF            0.3992        +INF             .          
1.2        -INF            1.1356        +INF             .          
1.3          .              .              .              .          
1.4          .              .              .              .          
1.5          .              .              .              .          
1.6          .              .              .              .          
2.1          .              .              .              .          
2.2          .              .              .              .          
2.3         4.0000         4.0000         4.0000          .          
2.4        20.0000        20.0000        20.0000          .          
2.5          .              .              .              .          
2.6          .              .              .              .          
GAMS 24.7.4  r58773 Released Sep 19, 2016 LEX-LEG x86 64bit/Linux                                                                                                                                                                     07/28/21 19:03:09 Page 31
G e n e r a l   A l g e b r a i c   M o d e l i n g   S y s t e m
Solution Report     SOLVE P2PRNFA Using NLP From line 466


                           LOWER          LEVEL          UPPER         MARGINAL

---- VAR CO2Eq             -INF            9.3546        +INF             .          
---- VAR costIn            -INF            1.7737        +INF             .          
---- VAR LCC               -INF            1.7737        +INF             .          
---- VAR dumm              -INF             .            +INF             .          


**** REPORT SUMMARY :        0     NONOPT
                             0 INFEASIBLE
                             0  UNBOUNDED
                             0     ERRORS
GAMS 24.7.4  r58773 Released Sep 19, 2016 LEX-LEG x86 64bit/Linux                                                                                                                                                                     07/28/21 19:03:09 Page 32
G e n e r a l   A l g e b r a i c   M o d e l i n g   S y s t e m
E x e c u t i o n


----    480 VARIABLE m.L  

1   1.154,    2   2.827,    3   0.105,    4   0.263,    6 500.000


----    481 VARIABLE f.L  

5 1000.000


----    482 VARIABLE g.L  

1 3.670,    2 5.684


----    487 PARAMETER diffCalc1  

            1           2

1      -0.037
2                  -0.132


----    487 PARAMETER diffCalc2  

            1           2

1      -0.016      -0.021
2      -0.426      -1.342

**** Exec Error at line 511: Execute has nonzero return code RC=127

**** REPORT FILE SUMMARY

pareto /home/vyom/P2P-RNFA/P2P-RNFA/pareto0.txt


EXECUTION TIME       =        0.064 SECONDS      3 MB  24.7.4 r58773 LEX-LEG


USER: Bhavik Bakshi, Single User License             G160607:0939AO-LNX
      The Ohio State University, Chemical and Biomolecular EnginDC12543
      License for teaching and research at degree granting institutions


**** FILE SUMMARY

Input      /home/vyom/P2P-RNFA/P2P-RNFA/p2p-rnfa-trial.gms
Output     /home/vyom/P2P-RNFA/P2P-RNFA/p2p-rnfa-trial.lst

**** USER ERROR(S) ENCOUNTERED
