GAMS 24.7.4  r58773 Released Sep 19, 2016 LEX-LEG x86 64bit/Linux                                                                                                                                                                      10/20/20 00:55:17 Page 1
G e n e r a l   A l g e b r a i c   M o d e l i n g   S y s t e m
C o m p i l a t i o n


      Preparing the RNFA-P2P for 3-MTHF Example
      Author: Vyom
      Date: 02/02/2020
   6   
   7   
   8  Sets
   9  i rows                    /1*417/
  10  j columns                 /1*425/
  11  k rowsOfB                 /1*24/
  12  econ_r(i) commodities I     /1*385/
  13  vc_r(i) elements K          /386*394/
  14  rnfa_r(i) chemicals M       /395*417/
  15  econ_c(j) sectors J         /1*385/
  16  vc_c(j) processes L        /386*397/
  17  rnfa_c(j) reactions N        /398*425/
  18  econ_int(k) interventions /1*21/
  19  vc_int(k) vc interventions/22*24/;
  20   
  21  parameters
  22  vcV(j,i)
  23  vcU(i,j)
  24  econV(j,i)
  25  econU(i,j)
  26  rnfaV(j,i)
  27  rnfaU(i,j)
  28  dcUvc(i,j)
  29  dcUrnfa(i,j)
  30  dcVCrnfa(i,j)
  31  ucUvc(i,j)
  32  ucUrnfa(i,j)
  33  ucVCrnfa(i,j)
  34  p(j)
  35  phat(j,j)
  36  Pf(i,i)
  37  Pp(j,j);
  38   
  39  *vcV(vc_c,vc_r)
  40  *vcU(vc_r,vc_c)
  41  *econV(econ_c,econ_r)
  42  *econU(econ_r,econ_c)
  43  *rnfaV(rnfa_c,rnfa_r)
  44  *rnfaU(rnfa_r,rnfa_c)
  45  *dcUvc(vc_r,econ_c)
  46  *dcUrnfa(rnfa_r,econ_c)
  47  *dcVCrnfa(rnfa_r,vc_c)
  48  *ucUvc(econ_r,vc_c)
  49  *ucUrnfa(econ_r,rnfa_c)
  50  *ucVCrnfa(vc_r,rnfa_c)
  51  *p(vc_c)
  52  *phat(vc_c,vc_c)
  53  *Pf(econ_r,vc_r)
  54  *Pp(vc_c,econ_c);
  55   
GAMS 24.7.4  r58773 Released Sep 19, 2016 LEX-LEG x86 64bit/Linux                                                                                                                                                                      10/20/20 00:55:17 Page 2
G e n e r a l   A l g e b r a i c   M o d e l i n g   S y s t e m
C o m p i l a t i o n


334372   
334373  parameters
334374  vcVstar(j,i)
334375  vcUstar(i,j)
334376  econVstar(j,i)
334377  econUstar(i,j);
334378   
334379  parameters
334380  PfT(i,i)
334381  PpT(j,j);
334382   
334383  PfT(vc_r,econ_r)=Pf(econ_r,vc_r);
334384  PpT(econ_c,vc_c)=Pp(vc_c,econ_c);
334385  phat(vc_c,vc_c)=p(vc_c);
334386  alias(i,id1,id2);
334387  alias(j,jd1,jd2,jd3);
334388  econVstar(econ_c,econ_r)=econV(econ_c,econ_r)-sum(jd1$vc_c(jd1),PpT(econ_c,jd1)*sum(jd2$vc_c(jd2),phat(jd1,jd2)*sum(id1$vc_r(id1),vcV(jd2,id1)*PfT(id1,econ_r))));
334389   
334390   
334391  econUstar(econ_r,econ_c)=econU(econ_r,econ_c)-(sum(id1$vc_r(id1),Pf(econ_r,id1)*sum(jd1$vc_c(jd1),vcU(id1,jd1)*sum(jd2$vc_c(jd2),phat(jd1,jd2)*Pp(jd2,econ_c))))+sum(id2$vc_r(id2),Pf(econ_r,id2)*dcUvc(id2,econ_c))+sum(jd3$vc_c(jd3),ucUvc(econ_r,jd3
        )*Pp(jd3,econ_c)));
334392   
334393  parameter econVstarInv(econ_r,econ_c);
334394  *execute_unload 'econVstar.gdx', i,j,econVstar;
334395  *execute '=invert.exe econVstar.gdx i j econVstar econVstarInv.gdx econVstarInv';
334396  *execute_load 'econVstarInv.gdx', econVstarInv;
334397   
334454   
334455  econVstarInv(econ_r,econ_c)=round(econVstarInv(econ_r,econ_c),4);
334456   
334457  Display econVstarInv;
334458   
GAMS 24.7.4  r58773 Released Sep 19, 2016 LEX-LEG x86 64bit/Linux                                                                                                                                                                      10/20/20 00:55:17 Page 3
G e n e r a l   A l g e b r a i c   M o d e l i n g   S y s t e m
Include File Summary


   SEQ   GLOBAL TYPE      PARENT   LOCAL  FILENAME

     1        1 INPUT          0       0  /home/vyom/P2P-RNFA/P2P-RNFA/p2p-rnfa.gms
     2       57 INCLUDE        1      57  ./home/vyom/P2P-RNFA/P2P-RNFA/incFiles/vcV.inc
     3      166 INCLUDE        1      58  ./home/vyom/P2P-RNFA/P2P-RNFA/incFiles/vcU.inc
     4      275 INCLUDE        1      59  ./home/vyom/P2P-RNFA/P2P-RNFA/incFiles/econV.inc
     5   148501 INCLUDE        1      60  ./home/vyom/P2P-RNFA/P2P-RNFA/incFiles/econU.inc
     6   296727 INCLUDE        1      61  ./home/vyom/P2P-RNFA/P2P-RNFA/incFiles/rnfaV.inc
     7   297372 INCLUDE        1      62  ./home/vyom/P2P-RNFA/P2P-RNFA/incFiles/rnfaU.inc
     8   298017 INCLUDE        1      63  ./home/vyom/P2P-RNFA/P2P-RNFA/incFiles/dcUvc.inc
     9   301483 INCLUDE        1      64  ./home/vyom/P2P-RNFA/P2P-RNFA/incFiles/dcUrnfa.inc
    10   310339 INCLUDE        1      65  ./home/vyom/P2P-RNFA/P2P-RNFA/incFiles/dcVCrnfa.inc
    11   310616 INCLUDE        1      66  ./home/vyom/P2P-RNFA/P2P-RNFA/incFiles/ucUvc.inc
    12   315237 INCLUDE        1      67  ./home/vyom/P2P-RNFA/P2P-RNFA/incFiles/ucUrnfa.inc
    13   326018 INCLUDE        1      68  ./home/vyom/P2P-RNFA/P2P-RNFA/incFiles/ucVCrnfa.inc
    14   326271 INCLUDE        1      69  ./home/vyom/P2P-RNFA/P2P-RNFA/incFiles/p.inc
    15   326284 INCLUDE        1      70  ./home/vyom/P2P-RNFA/P2P-RNFA/incFiles/Pf.inc
    16   329750 INCLUDE        1      71  ./home/vyom/P2P-RNFA/P2P-RNFA/incFiles/Pp.inc
    17   334399 INCLUDE        1     100  ./home/vyom/P2P-RNFA/P2P-RNFA/inverseMat.gms


COMPILATION TIME     =        0.480 SECONDS     28 MB  24.7.4 r58773 LEX-LEG
GAMS 24.7.4  r58773 Released Sep 19, 2016 LEX-LEG x86 64bit/Linux                                                                                                                                                                      10/20/20 00:55:17 Page 4
G e n e r a l   A l g e b r a i c   M o d e l i n g   S y s t e m
E x e c u t i o n


**** Exec Error at line 334436: overflow in / operation (divop)

---- 334457 PARAMETER econVstarInv  

              3           5           6          11          12          16          17          18          19          24          37          39          40          41          43          48          50          53          57          58          59

3   1.000000E-4
5               1.000000E-4
6                           1.000000E-4
11                                      1.000000E-4
12                                                  1.000000E-4
16                                                              1.000000E-4
17                                                                          1.000000E-4
18                                                                                      1.000000E-4
19                                                                                                  1.000000E-4
24                                                                                                              1.000000E-4
37                                                                                                                          1.000000E-4
39                                                                                                                                      1.000000E-4
40                                                                                                                                                  1.000000E-4
41                                                                                                                                                              1.000000E-4
43                                                                                                                                                                          1.000000E-4
48                                                                                                                                                                                      1.000000E-4
50                                                                                                                                                                                                  2.000000E-4
53                                                                                                                                                                                                              1.000000E-4
57                                                                                                                                                                                                                          1.000000E-4
58                                                                                                                                                                                                                                      1.000000E-4
59                                                                                                                                                                                                                                                  1.000000E-4
382                                                                                                             -1.00000E-4

  +          60          63          64          66          67          68          69          70          71          72          73          75          76          77          78          82          83          84          85          87          89

60  1.000000E-4
63              1.000000E-4
64                          1.000000E-4
66                                      2.000000E-4
67                                                  1.000000E-4
68                                                              1.000000E-4
69                                                                          1.000000E-4
70                                                                                      3.000000E-4
71                                                                                                  1.000000E-4
72                                                                                                              1.000000E-4
73                                                                                                                          1.000000E-4
75                                                                                                                                      1.000000E-4
76                                                                                                                                                  1.000000E-4
77                                                                                                                                                              1.000000E-4
78                                                                                                                                                                          2.000000E-4
82                                                                                                                                                                                      1.000000E-4
83                                                                                                                                                                                                  2.000000E-4
84                                                                                                                                                                                                              2.000000E-4
85                                                                                                                                                                                                                          2.000000E-4
87                                                                                                                                                                                                                                      3.000000E-4
89                                                                                                                                                                                                                                                  1.000000E-4
GAMS 24.7.4  r58773 Released Sep 19, 2016 LEX-LEG x86 64bit/Linux                                                                                                                                                                      10/20/20 00:55:17 Page 5
G e n e r a l   A l g e b r a i c   M o d e l i n g   S y s t e m
E x e c u t i o n


     334457 PARAMETER econVstarInv  

  +          90          93          94          98         100         101         103         106         109         112         113         114         115         116         118         119         120         121         123         124         125

90  1.000000E-4
93              2.000000E-4
94                          1.000000E-4
98                                      1.000000E-4
100                                                 1.000000E-4
101                                                             1.000000E-4
103                                                                         1.000000E-4
106                                                                                     1.000000E-4
109                                                                                                 2.000000E-4
112                                                                                                             1.000000E-4
113                                                                                                                         3.000000E-4
114                                                                                                                                     1.000000E-4
115                                                                                                                                                 1.000000E-4
116                                                                                                                                                             1.000000E-4
118                                                                                                                                                                         1.000000E-4
119                                                                                                                                                                                     2.000000E-4
120                                                                                                                                                                                                 1.000000E-4
121                                                                                                                                                                                                             1.000000E-4
123                                                                                                                                                                                                                         2.000000E-4
124                                                                                                                                                                                                                                     1.000000E-4
125                                                                                                                                                                                                                                                 2.000000E-4
137                         1.000000E-4                                                                                                                                                                         -1.00000E-4

  +         126         127         128         129         130         131         132         134         135         137         138         140         141         142         143         144         145         146         149         150         151

94                                                                                                              1.000000E-4 -1.00000E-4
126 1.000000E-4
127             2.000000E-4
128                         2.000000E-4
129                                     3.000000E-4
130                                                 3.000000E-4
131                                                             2.000000E-4
132                                                                         3.000000E-4
134                                                                                     2.000000E-4             1.000000E-4 -1.00000E-4
135                                                                                                 2.000000E-4
137                                                                                                               11002.751  -14078.769
138                                                                                                               -6719.814    8598.459
140                                                                                                             -1.00000E-4 -1.00000E-4 1.000000E-4
141                                                                                                                                                 1.000000E-4
142                                                                                                                                                             1.000000E-4
143                                                                                                                                                                         1.000000E-4
144                                                                                                                                                                                     1.000000E-4
145                                                                                                                                                                                                 1.000000E-4
146                                                                                                                                                                                                             1.000000E-4
149                                                                                                                                                                                                                         2.000000E-4
150                                                                                                                                                                                                                                     1.000000E-4
151                                                                                                                                                                                                                                                 1.000000E-4
153                                                                                     -1.00000E-4
170                                                                                                                                                                                                 1.000000E-4
GAMS 24.7.4  r58773 Released Sep 19, 2016 LEX-LEG x86 64bit/Linux                                                                                                                                                                      10/20/20 00:55:17 Page 6
G e n e r a l   A l g e b r a i c   M o d e l i n g   S y s t e m
E x e c u t i o n


     334457 PARAMETER econVstarInv  

  +         126         127         128         129         130         131         132         134         135         137         138         140         141         142         143         144         145         146         149         150         151

265                                                                                                             2.000000E-4 -3.00000E-4

  +         152         153         157         159         160         161         162         164         168         169         170         171         172         173         174         176         177         178         179         180         181

109                                                                                                                         2.000000E-4
122                                                                                                                         -1.00000E-4
125                                                                                                                         -2.00000E-4
152 2.000000E-4
153             2.000000E-4
157                         3.000000E-4
159                                     1.000000E-4
160                                                 1.000000E-4
161                                                             1.000000E-4
162                                                                         1.000000E-4
164                                                                                     1.000000E-4
168                                                                                                 1.000000E-4             2.000000E-4
169                                                                                                                 687.472   -4649.564
170                                                                                                 -1.00000E-4   -4413.761   29851.482                                                 1.000000E-4 1.000000E-4 1.000000E-4             2.000000E-4
171                                                                                                                                     2.000000E-4
172                                                                                                                                                 6.000000E-4
173                                                                                                                         1.000000E-4                         1.000000E-4
174                                                                                                                                                                         2.000000E-4
176                                                                                                                         -1.00000E-4                                                 2.000000E-4
177                                                                                                                                                                                                 2.000000E-4
178                                                                                                                         -2.00000E-4                                                                         2.000000E-4
179                                                                                                                         1.000000E-4                                                                                     1.000000E-4
180                                                                                                                         1.000000E-4                                                                                                 1.000000E-4
181                                                                                                                                                                                                                                                 1.000000E-4
187                                                                                                                         1.000000E-4
189                                                                                                                         -1.00000E-4
190                                                                                                             -1.00000E-4 4.000000E-4
191                                                                                                                         -1.00000E-4
227                                                                                                                         -1.00000E-4
248                                                                                                                         2.000000E-4
258                                                                                                                         1.000000E-4

  +         182         183         185         186         188         189         190         191         192         193         194         195         196         198         199         201         205         206         207         208         209

170                         2.000000E-4                         2.000000E-4 1.000000E-4 1.000000E-4
182 2.000000E-4
183             2.000000E-4
185                         1.000000E-4
186                                     1.000000E-4
188                                                 3.000000E-4
189                                                             2.000000E-4
190                                                                         4.000000E-4
191                                                                                     1.000000E-4
192                                                                                                 1.000000E-4
193                                                                                                             1.000000E-4
GAMS 24.7.4  r58773 Released Sep 19, 2016 LEX-LEG x86 64bit/Linux                                                                                                                                                                      10/20/20 00:55:17 Page 7
G e n e r a l   A l g e b r a i c   M o d e l i n g   S y s t e m
E x e c u t i o n


     334457 PARAMETER econVstarInv  

  +         182         183         185         186         188         189         190         191         192         193         194         195         196         198         199         201         205         206         207         208         209

194                                                                                                                         1.000000E-4
195                                                                                                                                     1.000000E-4
196                                                                                                                                                 1.000000E-4
198                                                                                                                                                             2.000000E-4
199                                                                                                                                                                         4.000000E-4
201                                                                                                                                                                                     1.000000E-4
205                                                                                                                                                                                                 4.000000E-4
206                                                                                                                                                                                                             1.000000E-4
207                                                                                                                                                                                                                         2.000000E-4
208                                                                                                                                                                                                                                     1.000000E-4
209                                                                                                                                                                                                                                                 1.000000E-4

  +         210         211         212         213         214         215         216         217         218         219         220         221         222         223         224         225         226         227         228         229         233

210 1.000000E-4
211             1.000000E-4
212                         5.000000E-4
213                                     6.000000E-4
214                                                 1.000000E-4
215                                                             3.000000E-4
216                                                                         2.000000E-4
217                                                                                     3.000000E-4
218                                                                                                 3.000000E-4
219                                                                                                             2.000000E-4
220                                                                                                                         2.000000E-4
221                                                                                                                                     1.000000E-4
222                                                                                                                                                 1.000000E-4
223                                                                                                                                                             1.000000E-4
224                                                                                                                                                                         2.000000E-4
225                                                                                                                                                                                     2.000000E-4
226                                                                                                                                                                                                 1.000000E-4
227                                                                                                                                                                                                             1.000000E-4
228                                                                                                                                                                                                                         3.000000E-4
229                                                                                                                                                                                                                                     1.000000E-4
233                                                                                                                                                                                                                                                 1.000000E-4

  +         234         235         236         238         247         248         249         251         252         253         254         255         256         257         258         259         260         261         262         265         266

234 1.000000E-4
235             5.000000E-4
236                         1.000000E-4
238                                     1.000000E-4
247                                                 1.000000E-4
248                                                             3.000000E-4
249                                                                         1.000000E-4
251                                                                                     1.000000E-4
252                                                                                                 2.000000E-4
253                                                                                                             2.000000E-4
254                                                                                                                         1.000000E-4
GAMS 24.7.4  r58773 Released Sep 19, 2016 LEX-LEG x86 64bit/Linux                                                                                                                                                                      10/20/20 00:55:17 Page 8
G e n e r a l   A l g e b r a i c   M o d e l i n g   S y s t e m
E x e c u t i o n


     334457 PARAMETER econVstarInv  

  +         234         235         236         238         247         248         249         251         252         253         254         255         256         257         258         259         260         261         262         265         266

255                                                                                                                                     1.000000E-4
256                                                                                                                                                 1.000000E-4
257                                                                                                                                                             3.000000E-4
258                                                                                                                                                                         2.000000E-4
259                                                                                                                                                                                     4.000000E-4
260                                                                                                                                                                                                 2.000000E-4
261                                                                                                                                                                                                             1.000000E-4
262                                                                                                                                                                                                                         1.000000E-4
265                                                                                                                                                                                                                                     3.000000E-4
266                                                                                                                                                                                                                                                 1.000000E-4

  +         267         268         269         270         271         272         273         289         290         292         295         296         297         303         328         357         360         361         362         370         372

170                                                                         1.000000E-4
267 2.000000E-4
268             1.000000E-4
269                         1.000000E-4
270                                     7.000000E-4
271                                                 4.000000E-4
272                                                             1.000000E-4
289                                                                                     1.000000E-4
290                                                                                                 1.000000E-4
292                                                                                                             1.000000E-4
295                                                                                                                         1.000000E-4
297                                                                                                                                     -1.00000E-4 1.000000E-4
303                                                                                                                                                             2.000000E-4
328                                                                                                                                                                         1.000000E-4
357                                                                                                                                                                                     1.000000E-4
360                                                                                                                                                                                                 1.000000E-4
361                                                                                                                                                                                                             1.000000E-4
362                                                                                                                                                                                                                         1.000000E-4
370                                                                                                                                                                                                                                     1.000000E-4
372                                                                                                                                                                                                                                                 1.000000E-4

  +         374         380         381

374 1.000000E-4
380             1.000000E-4
381                         1.000000E-4



EXECUTION TIME       =        9.274 SECONDS     41 MB  24.7.4 r58773 LEX-LEG
GAMS 24.7.4  r58773 Released Sep 19, 2016 LEX-LEG x86 64bit/Linux                                                                                                                                                                      10/20/20 00:55:17 Page 9
G e n e r a l   A l g e b r a i c   M o d e l i n g   S y s t e m
E x e c u t i o n


USER: Bhavik Bakshi, Single User License             G160607:0939AO-LNX
      The Ohio State University, Chemical and Biomolecular EnginDC12543
      License for teaching and research at degree granting institutions


**** FILE SUMMARY

Input      /home/vyom/P2P-RNFA/P2P-RNFA/p2p-rnfa.gms
Output     /home/vyom/P2P-RNFA/P2P-RNFA/p2p-rnfa.lst

**** USER ERROR(S) ENCOUNTERED
